== Model under test: solar-pro4 ==

== grok inspect discovers the generated config ==
✓ grok discovered the Solar Open 2 model config

== Method A: deterministic single-turn headless reply ==
✓ grok completed a live solar-pro4 round trip
  grok-solar-ready

== Method B: reasoning-heavy prompt ==
✓ solar-pro4 reasoned through the sum correctly
  The sum of the first 50 positive integers is 1275. Here's why, step 
  by step.
  
  ## The Formula
  
  For the sum of the first **n** positive integers (1 + 2 + 3 + ... + 
  n), there's a well-known formula:
  
  $$\text{Sum} = \frac{n(n+1)}{2}$$
  
  ## Applying It to n = 50
  
  Plugging in n = 50:
  
  $$\text{Sum} = \frac{50 \times 51}{2} = \frac{2550}{2} = 1275$$
  
  ## Why the Formula Works (Triangular Number Proof)
  
  The formula comes from a clever pairing trick, often attributed to 
  Gauss as a schoolboy.
  
  Write out the numbers from 1 to 50:
  
  ```
   1  2  3  4  ... 47 48 49 50
  ```
  
  Now write them **backwards** underneath:
  
  ```
   1  2  3  4  ... 47 48 49 50
  50 49 48 47  ...  4  3  2  1
  ```
  
  Add each column vertically:
  
  `
  ...(truncated)

== Method C: small coding task ==
✓ solar-pro4 wrote the requested function
  ```python
  def is_prime(n):
      """Return True if n is a prime number, False otherwise."""
      if n < 2:
          return False
      if n == 2:
          return True
      if n % 2 == 0:
          return False
      for i in range(3, int(n ** 0.5) + 1, 2):
          if n % i == 0:
              return False
      return True
  ```

== Finding check: tool-use against Solar Open 2 (expected to fail, not gated) ==
  (did not reproduce the known function-name-drop error this run — see output below)
  too_many_requests: You've reached your API request limit. Please wait 
  and try again later. If your use case requires a higher rate limit, 
  please refer to our Pricing - commitment t...
  Error: too_many_requests: You've reached your API request limit. 
  Please wait and try again later. If your use case requires a higher 
  rate limit, please refer to our Pricing - commitment t...

✓ All checks passed.
